[rome.ro/index.html]
[backblue.gif]
[fade.gif]
[index.html]
[rome.ro/newsa409]
[rome.ro/studios.html]
[rome.ro/arcade.html]
[rome.ro/articles.html]
[rome.ro/readme.html]
[rome.ro/index3e33.html]
[rome.ro/news/2016/12/15/search-the-blog-archive.html]
[rome.ro/news/2019/12/2/sigil-update.html]
[rome.ro/news/category/development.html]
[rome.ro/news/tag/doom.html]
[rome.ro/news/2019/5/15/sigil-almost-ready.html]
[rome.ro/news/tag/sigil.html]
[rome.ro/news/2019/2/16/sigil-update.html]
[rome.ro/index.html]
[rome.ro/news/2018/12/10/reflections-on-dooms-development.html]
[rome.ro/wolfenstein-3d.html]
[rome.ro/index989d.html]
[rome.ro/doom.html]
[rome.ro/doom-ii.html]
[rome.ro/spear-of-destiny.html]
[rome.ro/ravenwoodfair.html]
[rome.ro/subnodule.html]
[rome.ro/bongosbash.html]
[rome.ro/dodge-em.html]
[rome.ro/crazy-climber.html]
[rome.ro/alien-attack.html]
[rome.ro/crazy-dunjun.html]
[rome.ro/phazzar.html]
[rome.ro/bricklayer.html]
[rome.ro/arcade.html]
[rome.ro/dangerous-dave.html]
[rome.ro/studios.html]
[rome.ro/loot-drop.html]
[rome.ro/quakes-player-speed-1.html]
[rome.ro/doomguy.html]
[rome.ro/newsfb58.html]
[rome.ro/news4b3d.html]
[rome.ro/news57de.html]
[rome.ro/news3989.html]
[rome.ro/newsdee6.html]
[rome.ro/news11b6.html]
[rome.ro/a-second-look-the-secret-of-mana.html]
[rome.ro/95-01-computer-gamer.html]
[rome.ro/articles.html]
[rome.ro/readme.html]
[rome.ro/index3e33.html]
[rome.ro/news/2016/12/15/search-the-blog-archive.html]
[rome.ro/news/2019/12/2/sigil-update.html]
[rome.ro/news/2015/12/13/ravenwood-fair-post-mortem.html]
[rome.ro/index907d.html]
[rome.ro/news/tag/ravenwood+fair.html]
[rome.ro/news/2015/12/13/duke-nukem-forever-returns.html]
[rome.ro/news/category/press.html]
[rome.ro/news/2015/12/13/gametales-homecourt.html]
[rome.ro/news/category/gametales.html]
[rome.ro/news/category/development.html]
[rome.ro/news/tag/homecourt.html]
[rome.ro/index411f.html]
[rome.ro/news/tag/doom.html]
[rome.ro/news/2019/5/15/sigil-almost-ready.html]
[rome.ro/news/tag/sigil.html]
[rome.ro/news/2019/2/16/sigil-update.html]
[rome.ro/news/2015/12/13/doomsday-112-server-setup.html]
[rome.ro/news/2018/12/10/reflections-on-dooms-development.html]
[rome.ro/news/2018/4/18/big-box-extinction.html]
[rome.ro/bigbox.html]
[rome.ro/news/2017/10/18/gunman-taco-truck-on-app-store.html]
[rome.ro/news/2017/9/24/just-moved.html]
[rome.ro/news/2017/8/30/multiplayer-only-maps.html]
[rome.ro/news/2017/8/28/the-legend-of-grelminar-and-nemesis.html]
[rome.ro/news/category/history.html]
[rome.ro/news/tag/catacomb+3d.html]
[rome.ro/index989d.html]
[rome.ro/wolfenstein-3d.html]
[rome.ro/doom.html]
[rome.ro/doom-ii.html]
[rome.ro/spear-of-destiny.html]
[rome.ro/news/tag/dangerous+dave.html]
[rome.ro/index9fc3.html]
[rome.ro/index8f70.html]
[rome.ro/rwf-development.html]
[rome.ro/success.html]
[rome.ro/rwf-shut-down.html]
[rome.ro/ravenwoodfair.html]
[rome.ro/ravenwoodgallery.html]
[rome.ro/_https_/player.vimeo.com/video/198598363.46fbba.delayed]
[rome.ro/emulationzone.html]
[rome.ro/subnodule.html]
[rome.ro/_https_/player.vimeo.com/video/197290163.4bfbba.delayed]
[rome.ro/bongosbash.html]
[rome.ro/dodge-em.html]
[rome.ro/crazy-climber.html]
[rome.ro/alien-attack.html]
[rome.ro/crazy-dunjun.html]
[rome.ro/phazzar.html]
[rome.ro/bricklayer.html]
[rome.ro/dangerous-dave.html]
[rome.ro/bios.html]
[rome.ro/pettington-park.html]
[rome.ro/ghost-recon-commander.html]
[rome.ro/charmcraft-hollow.html]
[rome.ro/loot-drop.html]
[rome.ro/quakes-player-speed-1.html]
[rome.ro/doomguy.html]
[rome.ro/newsfb58.html]
[rome.ro/cloudforest-expedition.html]
[rome.ro/news/2015/12/13/gametales-the-id-logo.html]
[rome.ro/news4b3d.html]
[rome.ro/news/tag/id+logo.html]
[rome.ro/news/2015/12/13/gametales-id-answering-machine.html]
[rome.ro/_/www.youtube.com/embed/E3yOnr2cl3c.5e8344.delayed]
[rome.ro/news57de.html]
[rome.ro/news/tag/id+answering+machine.html]
[rome.ro/news/2015/12/13/gametales-the-bilestoad.html]
[rome.ro/_/www.youtube.com/embed/I3q2j7LpFb0.628344.delayed]
[rome.ro/news3989.html]
[rome.ro/news/tag/the+bilestoad.html]
[rome.ro/news/2015/12/13/gametales-axe-attack.html]
[rome.ro/newsdee6.html]
[rome.ro/news/tag/axe+attack.html]
[rome.ro/news/2015/12/13/gametales-cray-ymp.html]
[rome.ro/news11b6.html]
[rome.ro/news/tag/quake+cray.html]
[rome.ro/_https_/player.vimeo.com/video/168638605.69fbba.delayed]
[rome.ro/_/www.youtube.com/embed/bKpLjxdRcHs.6b47c6.delayed]
[rome.ro/a-second-look-the-secret-of-mana.html]
[rome.ro/95-01-computer-gamer.html]
[rome.ro/_/www.youtube.com/embed/9v_0HD7iOz49ae1.html]
[rome.ro/_/www.youtube.com/embed/9v_0HD7iOz48344.html]
[rome.ro/index907d.html]
[rome.ro/news/2015/12/13/latest-update-doom-post-mortem.html]
[rome.ro/index9a54.html]
[rome.ro/index98d8.html]
[rome.ro/news/2015/12/13/ravenwood-fair-post-mortem.html]
[rome.ro/news/tag/ravenwood+fair.html]
[rome.ro/news/2015/12/13/id-software-20-years-old-today.html]
[rome.ro/news/2015/12/13/duke-nukem-forever-returns.html]
[rome.ro/news/2015/12/13/sierra-adventure-0-mission-oakhurst.html]
[rome.ro/news/2015/12/13/old-school-rpg.html]
[rome.ro/news/tag/brenda.html]
[rome.ro/news/tag/tom.html]
[rome.ro/news/2015/12/13/dark-forces-on-mac-os-x.html]
[rome.ro/news/2015/12/13/commander-genius.html]
[rome.ro/news/category/id+software.html]
[rome.ro/news/category/press.html]
[rome.ro/news/2015/12/13/short-interview.html]
[rome.ro/news/2015/12/13/unintended-acceleration.html]
[rome.ro/news/2015/12/13/gametales-homecourt.html]
[rome.ro/index2c73.html]
[rome.ro/news/category/_/www.youtube.com/embed/E3yOnr2cl3c.778344.delayed]
[rome.ro/news/category/gametales.html]
[rome.ro/news/tag/homecourt.html]
[rome.ro/index411f.html]
[rome.ro/news/2015/12/13/qtest-was-ground-zero.html]
[rome.ro/index5b28.html]
[rome.ro/indexe509.html]
[rome.ro/news/2016/4/1/resurrection.html]
[rome.ro/news/2015/12/13/doomsday-112-server-setup.html]
[rome.ro/news/2018/4/18/big-box-extinction.html]
[rome.ro/bigbox.html]
[rome.ro/news/2017/10/18/gunman-taco-truck-on-app-store.html]
[rome.ro/news/2017/9/24/just-moved.html]
[rome.ro/news/2017/8/30/multiplayer-only-maps.html]
[rome.ro/news/2015/12/13/got-married.html]
[rome.ro/news/2017/8/28/the-legend-of-grelminar-and-nemesis.html]
[rome.ro/news/2017/7/29/quake-1s-player-speed.html]
[rome.ro/news/2015/12/13/subnodule-gone-live.html]
[rome.ro/news/2015/12/13/a-second-look-a-new-series.html]
[rome.ro/news/category/history.html]
[rome.ro/news/tag/catacomb+3d.html]
[rome.ro/news/tag/dangerous+dave.html]
[rome.ro/index9fc3.html]
[rome.ro/news/2015/12/13/happy-birthday-games.html]
[rome.ro/news/2017/7/19/doomguys-identity-revealed.html]
[rome.ro/news/2017/4/15/galway-game-jam-7.html]
[rome.ro/july-4-1976.html]
[rome.ro/news/2017/2/7/nasir-gebelli-interview-on-youtube.html]
[rome.ro/_/www.youtube.com/embed/LGzd7JRbxL0.848344.delayed]
[rome.ro/news/2016/12/30/site-updating.html]
[rome.ro/index8f70.html]
[rome.ro/indexdf90.html]
[rome.ro/indexfc50.html]
[rome.ro/rwf-development.html]
[rome.ro/success.html]
[rome.ro/rwf-shut-down.html]
[rome.ro/_https_/player.vimeo.com/video/185939559.8912d2.delayed]
[rome.ro/ravenwoodgallery.html]
[rome.ro/_https_/player.vimeo.com/video/198598363f0ec.html]
[rome.ro/_https_/player.vimeo.com/video/198598363fbba.html]
[rome.ro/emulationzone.html]
[rome.ro/_https_/player.vimeo.com/video/197290163f0ec.html]
[rome.ro/_https_/player.vimeo.com/video/197290163fbba.html]
[rome.ro/bios.html]
[rome.ro/_/www.youtube.com/embed/yTC0Iuj_fjQ.8b8344.delayed]
[rome.ro/_/www.youtube.com/embed/UYHypUUH-rQ.8d8344.delayed]
[rome.ro/_/www.youtube.com/embed/FJSyxHogg8I.8f8344.delayed]
[rome.ro/pettington-park.html]
[rome.ro/_/www.youtube.com/embed/uyXxeS1fIKs.918344.delayed]
[rome.ro/_/www.youtube.com/embed/_ppgonLTUxc.938344.delayed]
[rome.ro/_/www.youtube.com/embed/je5fNp4FZgU.958344.delayed]
[rome.ro/ghost-recon-commander.html]
[rome.ro/charmcraft-hollow.html]
[rome.ro/_https_/player.vimeo.com/video/100697218.97fbba.delayed]
[rome.ro/_https_/player.vimeo.com/video/91564122.99fbba.delayed]
[rome.ro/cloudforest-expedition.html]
[rome.ro/news/2015/12/13/gametales-the-id-logo.html]
[rome.ro/news/tag/id+logo.html]
[rome.ro/news/2015/12/13/30-great-gaming-geeks.html]
[rome.ro/news/2015/12/13/_/www.youtube.com/embed/E3yOnr2cl3c.9b8344.delayed]
[rome.ro/indexcab4.html]
[rome.ro/news/2015/12/13/gametales-id-answering-machine.html]
[rome.ro/_/www.youtube.com/embed/E3yOnr2cl3c9ae1.html]
[rome.ro/_/www.youtube.com/embed/E3yOnr2cl3c8344.html]
[rome.ro/news/2015/12/13/quake-sketches.html]
[rome.ro/news/tag/_/www.youtube.com/embed/E3yOnr2cl3c.9d8344.delayed]
[rome.ro/news/tag/id+answering+machine.html]
[rome.ro/news/2015/12/13/_/www.youtube.com/embed/I3q2j7LpFb0.9e8344.delayed]
[rome.ro/news/2015/12/13/gametales-the-bilestoad.html]
[rome.ro/_/www.youtube.com/embed/I3q2j7LpFb09ae1.html]
[rome.ro/_/www.youtube.com/embed/I3q2j7LpFb08344.html]
[rome.ro/news/tag/_/www.youtube.com/embed/I3q2j7LpFb0.9f8344.delayed]
[rome.ro/news/tag/the+bilestoad.html]
[rome.ro/news/2015/12/13/gametales-axe-attack.html]
[rome.ro/news/tag/axe+attack.html]
[rome.ro/news/2015/12/13/gametales-cray-ymp.html]
[rome.ro/news/tag/quake+cray.html]
[rome.ro/_https_/player.vimeo.com/video/168638605f0ec.html]
[rome.ro/_https_/player.vimeo.com/video/168638605fbba.html]
[rome.ro/_/www.youtube.com/embed/bKpLjxdRcHsb547.html]
[rome.ro/_/www.youtube.com/embed/bKpLjxdRcHs47c6.html]
[rome.ro/index9a54.html]
[rome.ro/index98d8.html]
[rome.ro/news/2015/12/13/happy-birthday-id-software.html]
[rome.ro/news/2015/12/13/latest-update-doom-post-mortem.html]
[rome.ro/news/2015/12/13/xcode-for-beginners.html]
[rome.ro/index3a5f.html]
[rome.ro/index0284.html]
[rome.ro/news/2015/12/13/id-software-20-years-old-today.html]
[rome.ro/news/2015/12/13/sierra-adventure-0-mission-oakhurst.html]
[rome.ro/news/2015/12/13/making-mailapp.html]
[rome.ro/news/2015/12/13/old-school-rpg.html]
[rome.ro/news/tag/brenda.html]
[rome.ro/news/tag/tom.html]
[rome.ro/news/2015/12/13/happy-21st-birthday-id-software.html]
[rome.ro/news/2015/12/13/wordpress-hacked.html]
[rome.ro/news/2015/12/13/dark-forces-on-mac-os-x.html]
[rome.ro/news/2015/12/13/commander-genius.html]
[rome.ro/news/category/id+software.html]
[rome.ro/news/2015/12/13/retro-gamer-75.html]
[rome.ro/news/2015/12/13/short-interview.html]
[rome.ro/news/2015/12/13/left4dead-omfg.html]
[rome.ro/index1e0f.html]
[rome.ro/news/2015/12/13/ten-most-significant-games.html]
[rome.ro/index2c73.html]
[rome.ro/news/2015/12/13/unintended-acceleration.html]
[rome.ro/news/category/_/www.youtube.com/embed/E3yOnr2cl3c8344.html]
[rome.ro/index5b28.html]
[rome.ro/news/2015/12/13/qtest-was-ground-zero.html]
[rome.ro/indexe509.html]
[rome.ro/news/2015/12/13/gamesauce-2.html]
[rome.ro/indexd657.html]
[rome.ro/news/tag/night+work+games.html]
[rome.ro/index8b95.html]
[rome.ro/news/2016/4/1/resurrection.html]
[rome.ro/news/2015/12/13/got-married.html]
[rome.ro/news/2017/7/29/quake-1s-player-speed.html]
[rome.ro/news/2015/12/13/subnodule-gone-live.html]
[rome.ro/news/2016/4/1/what-am-i-tweeting.html]
[rome.ro/news/2015/12/13/a-second-look-a-new-series.html]
[rome.ro/news/2015/12/13/a-second-look-the-secret-of-mana-square-1993.html]
[rome.ro/news/2015/12/13/happy-birthday-games.html]
[rome.ro/news/2017/7/19/doomguys-identity-revealed.html]
[rome.ro/news/2017/4/15/galway-game-jam-7.html]
[rome.ro/july-4-1976.html]
[rome.ro/news/2015/12/13/the-importance-of-game-music.html]
[rome.ro/news/2017/2/7/_/www.youtube.com/embed/LGzd7JRbxL0.ae8344.delayed]
[rome.ro/news/2017/2/7/nasir-gebelli-interview-on-youtube.html]
[rome.ro/_/www.youtube.com/embed/LGzd7JRbxL09ae1.html]
[rome.ro/_/www.youtube.com/embed/LGzd7JRbxL08344.html]
[rome.ro/news/2016/12/30/site-updating.html]
[rome.ro/indexdf90.html]
[rome.ro/news/2016/12/27/happy-26th-birthday-commander-keen.html]
[rome.ro/_https_/player.vimeo.com/video/148926335.b1fbba.delayed]
[rome.ro/news/2016/12/10/happy-23rd-birthday-doom.html]
[rome.ro/news/2016/10/7/gunman-taco-truck-imminent.html]
[rome.ro/news/2016/6/22/happy-20th-birthday-quake.html]
[rome.ro/indexfc50.html]
[rome.ro/_https_/player.vimeo.com/video/18593955912d2.html]
[rome.ro/_/www.youtube.com/embed/yTC0Iuj_fjQ9ae1.html]
[rome.ro/_/www.youtube.com/embed/yTC0Iuj_fjQ8344.html]
[rome.ro/_/www.youtube.com/embed/UYHypUUH-rQ9ae1.html]
[rome.ro/_/www.youtube.com/embed/UYHypUUH-rQ8344.html]
[rome.ro/_/www.youtube.com/embed/FJSyxHogg8I9ae1.html]
[rome.ro/_/www.youtube.com/embed/FJSyxHogg8I8344.html]
[rome.ro/_/www.youtube.com/embed/uyXxeS1fIKs9ae1.html]
[rome.ro/_/www.youtube.com/embed/uyXxeS1fIKs8344.html]
[rome.ro/_/www.youtube.com/embed/_ppgonLTUxc9ae1.html]
[rome.ro/_/www.youtube.com/embed/_ppgonLTUxc8344.html]
[rome.ro/_/www.youtube.com/embed/je5fNp4FZgU9ae1.html]
[rome.ro/_/www.youtube.com/embed/je5fNp4FZgU8344.html]
[rome.ro/_https_/player.vimeo.com/video/100697218f0ec.html]
[rome.ro/_https_/player.vimeo.com/video/100697218fbba.html]
[rome.ro/_https_/player.vimeo.com/video/91564122f0ec.html]
[rome.ro/_https_/player.vimeo.com/video/91564122fbba.html]
[rome.ro/index84a6.html]
[rome.ro/news/2015/12/13/30-great-gaming-geeks.html]
[rome.ro/indexcab4.html]
[rome.ro/news/2015/12/13/_/www.youtube.com/embed/E3yOnr2cl3c8344.html]
[rome.ro/news/2015/12/13/quake-sketches.html]
[rome.ro/news/tag/_/www.youtube.com/embed/E3yOnr2cl3c8344.html]
[rome.ro/news/2015/12/13/_/www.youtube.com/embed/I3q2j7LpFb08344.html]
[rome.ro/news/tag/_/www.youtube.com/embed/I3q2j7LpFb08344.html]
[rome.ro/news/2015/12/13/happy-birthday-id-software.html]
[rome.ro/index3a5f.html]
[rome.ro/index0284.html]
[rome.ro/index8877.html]
[rome.ro/index0359.html]
[rome.ro/index7ed9.html]
[rome.ro/index7c40.html]
[rome.ro/news/2015/12/13/xcode-for-beginners.html]
[rome.ro/news/2015/12/13/making-mailapp.html]
[rome.ro/news/2015/12/13/happy-21st-birthday-id-software.html]
[rome.ro/news/2015/12/13/wordpress-hacked.html]
[rome.ro/news/2015/12/13/retro-gamer-75.html]
[rome.ro/index1e0f.html]
[rome.ro/news/category/programming.html]
[rome.ro/indexa85c.html]
[rome.ro/news/2015/12/13/left4dead-omfg.html]
[rome.ro/news/2015/12/13/rest-of-the-world-vote.html]
[rome.ro/news/2015/12/13/stormwind-misaligned-for-years.html]
[rome.ro/news/2015/12/13/ten-most-significant-games.html]
[rome.ro/indexd657.html]
[rome.ro/news/2015/12/13/gamesauce-2.html]
[rome.ro/index8b95.html]
[rome.ro/news/tag/night+work+games.html]
[rome.ro/news/2016/4/1/what-am-i-tweeting.html]
[rome.ro/news/2015/12/14/ghost-recon.html]
[rome.ro/news/2015/12/13/_https_/player.vimeo.com/video/8959605.c0fbba.delayed]
[rome.ro/news/2015/12/13/a-second-look-the-secret-of-mana-square-1993.html]
[rome.ro/news/2015/12/13/the-importance-of-game-music.html]
[rome.ro/news/2017/2/7/_/www.youtube.com/embed/LGzd7JRbxL08344.html]
[rome.ro/news/2015/12/13/stormwind-redux.html]
[rome.ro/news/2016/12/27/_https_/player.vimeo.com/video/148926335.c2fbba.delayed]
[rome.ro/news/2016/12/27/happy-26th-birthday-commander-keen.html]
[rome.ro/_https_/player.vimeo.com/video/148926335f0ec.html]
[rome.ro/_https_/player.vimeo.com/video/148926335fbba.html]
[rome.ro/news/2016/12/10/happy-23rd-birthday-doom.html]
[rome.ro/news/2016/10/7/gunman-taco-truck-imminent.html]
[rome.ro/news/2016/6/22/happy-20th-birthday-quake.html]
[rome.ro/index0359.html]
[rome.ro/index84a6.html]
[rome.ro/index8877.html]
[rome.ro/index7ed9.html]
[rome.ro/index7c40.html]
[rome.ro/indexff3f.html]
[rome.ro/news/category/programming.html]
[rome.ro/indexa85c.html]
[rome.ro/index48e2.html]
[rome.ro/indexf8ad.html]
[rome.ro/indexb494.html]
[rome.ro/news/2015/12/13/rest-of-the-world-vote.html]
[rome.ro/news/2015/12/13/stormwind-misaligned-for-years.html]
[rome.ro/news/2015/12/14/iphone-app-issues.html]
[rome.ro/news/2015/12/14/ghost-recon.html]
[rome.ro/_https_/player.vimeo.com/video/8959605f0ec.html]
[rome.ro/news/2015/12/13/_https_/player.vimeo.com/video/8959605fbba.html]
[rome.ro/news/2015/12/13/stormwind-redux.html]
[rome.ro/news/2016/12/27/_https_/player.vimeo.com/video/148926335fbba.html]
[rome.ro/indexb494.html]
[rome.ro/indexff3f.html]
[rome.ro/indexf8ad.html]
[rome.ro/index48e2.html]
[rome.ro/news/2015/12/14/wolf3d-16.html]
[rome.ro/news/2015/12/14/iphone-app-issues.html]
[rome.ro/index38fc.html]
[rome.ro/indexb0ab.html]
[rome.ro/indexa402.html]
[rome.ro/index1e83.html]
[rome.ro/news/2015/12/14/wolf3d-16.html]
[rome.ro/indexa402.html]
[rome.ro/index38fc.html]
[rome.ro/indexb0ab.html]
[rome.ro/index1e83.html]
[rome.ro/index94ef.html]
[rome.ro/news/2015/12/14/the-amazing-iron-man.html]
[rome.ro/index01f1.html]
[rome.ro/index4b35.html]
[rome.ro/indexf361.html]
[rome.ro/news/2015/12/14/the-amazing-iron-man.html]
[rome.ro/index01f1.html]
[rome.ro/index94ef.html]
[rome.ro/index4b35.html]
[rome.ro/indexf361.html]
[rome.ro/news/2015/12/14/actionscript-3-class-definition-and-importing-sickness.html]
[rome.ro/indexa2b7.html]
[rome.ro/index1434.html]
[rome.ro/indexe304.html]
[rome.ro/news/2015/12/14/actionscript-3-class-definition-and-importing-sickness.html]
[rome.ro/index1434.html]
[rome.ro/indexa2b7.html]
[rome.ro/news/2015/12/14/blue-oyster-cult-loves-star-blazer.html]
[rome.ro/indexe304.html]
[rome.ro/indexf5dd.html]
[rome.ro/index0ac5.html]
[rome.ro/indexcd82.html]
[rome.ro/indexcd82.html]
[rome.ro/indexa42f.html]
[rome.ro/index6657.html]
[rome.ro/news/2015/12/14/_/www.youtube.com/embed/y1NYhbiiiFw.ce8344.delayed]
[rome.ro/news/2015/12/14/blue-oyster-cult-loves-star-blazer.html]
[rome.ro/index0ac5.html]
[rome.ro/indexf5dd.html]
[rome.ro/indexa42f.html]
[rome.ro/index6657.html]
[rome.ro/index2607.html]
[rome.ro/_/www.youtube.com/embed/y1NYhbiiiFw9ae1.html]
[rome.ro/news/2015/12/14/you-got-mcrolld.html]
[rome.ro/news/2015/12/14/_/www.youtube.com/embed/y1NYhbiiiFw8344.html]
[rome.ro/index0090.html]
[rome.ro/index6d25.html]
[rome.ro/index3f91.html]
[rome.ro/news/2015/12/14/_/www.youtube.com/embed/Ssh71hePR8Q.d18344.delayed]
[rome.ro/news/2015/12/14/you-got-mcrolld.html]
[rome.ro/index6d25.html]
[rome.ro/news/2015/12/14/mew.html]
[rome.ro/_https_/player.vimeo.com/video/8959605.d5fbba.delayed]
[rome.ro/index2607.html]
[rome.ro/index0090.html]
[rome.ro/index3f91.html]
[rome.ro/indexc80b.html]
[rome.ro/_/www.youtube.com/embed/Ssh71hePR8Q9ae1.html]
[rome.ro/news/2015/12/14/_/www.youtube.com/embed/Ssh71hePR8Q8344.html]
[rome.ro/index89f0.html]
[rome.ro/index4d93.html]
[rome.ro/index9b96.html]
[rome.ro/news/2015/12/14/mew.html]
[rome.ro/_https_/player.vimeo.com/video/8959605fbba.html]
[rome.ro/index9b96.html]
[rome.ro/indexc80b.html]
[rome.ro/index4d93.html]
[rome.ro/index89f0.html]
[rome.ro/news/2015/12/14/an-end-and-a-new-beginning.html]
[rome.ro/index6b0c.html]
[rome.ro/indexa955.html]
[rome.ro/index2671.html]
[rome.ro/news/2015/12/14/an-end-and-a-new-beginning.html]
[rome.ro/indexa955.html]
[rome.ro/news/2015/12/15/korgoth-i-cant-even-breathe-watching-these.html]
[rome.ro/index0ec4.html]
[rome.ro/_/www.youtube.com/embed/y1NYhbiiiFw.dd8344.delayed]
[rome.ro/index6b0c.html]
[rome.ro/index2671.html]
[rome.ro/index0ec4.html]
[rome.ro/index6d06.html]
[rome.ro/index1122.html]
[rome.ro/indexff19.html]
[rome.ro/index1a33.html]
[rome.ro/news/2015/12/15/_/www.youtube.com/embed/ep65rr-9qjQ.e08344.delayed]
[rome.ro/news/2015/12/15/korgoth-i-cant-even-breathe-watching-these.html]
[rome.ro/_/www.youtube.com/embed/y1NYhbiiiFw8344.html]
[rome.ro/index1a33.html]
[rome.ro/news/2015/12/15/cloverfield-omg.html]
[rome.ro/_/www.youtube.com/embed/Ssh71hePR8Q.e38344.delayed]
[rome.ro/_/www.youtube.com/embed/ep65rr-9qjQ.e48344.delayed]
[rome.ro/index6d06.html]
[rome.ro/indexff19.html]
[rome.ro/index1122.html]
[rome.ro/index79c8.html]
[rome.ro/_/www.youtube.com/embed/ep65rr-9qjQ9ae1.html]
[rome.ro/news/2015/12/15/_/www.youtube.com/embed/ep65rr-9qjQ8344.html]
[rome.ro/index59e9.html]
[rome.ro/index9014.html]
[rome.ro/index36a6.html]
[rome.ro/news/2015/12/15/cloverfield-omg.html]
[rome.ro/_/www.youtube.com/embed/Ssh71hePR8Q8344.html]
[rome.ro/_/www.youtube.com/embed/ep65rr-9qjQ8344.html]
[rome.ro/index59e9.html]
[rome.ro/news/2015/12/16/major-apple-love.html]
[rome.ro/news/2015/12/16/duke-nukem-forever-screenshot.html]
[rome.ro/news/2015/12/16/happy-17th-birthday-keen.html]
[rome.ro/news/2015/12/16/yay-another-passionate-wow-addict.html]
[rome.ro/_/www.youtube.com/embed/cW_Lv0r-l4c.eb8344.delayed]
[rome.ro/index79c8.html]
[rome.ro/index9014.html]
[rome.ro/index36a6.html]
[rome.ro/news/2015/12/16/happy-14th-birthday-doom.html]
[rome.ro/news/2015/12/16/major-apple-love.html]
[rome.ro/indexdf30.html]
[rome.ro/news/2015/12/16/duke-nukem-forever-screenshot.html]
[rome.ro/news/2015/12/16/happy-17th-birthday-keen.html]
[rome.ro/index03bb.html]
[rome.ro/indexd1cc.html]
[rome.ro/index18e4.html]
[rome.ro/news/2015/12/16/_/www.youtube.com/embed/cW_Lv0r-l4c.ed8344.delayed]
[rome.ro/news/2015/12/16/yay-another-passionate-wow-addict.html]
[rome.ro/_/www.youtube.com/embed/cW_Lv0r-l4c9ae1.html]
[rome.ro/_/www.youtube.com/embed/cW_Lv0r-l4c8344.html]
[rome.ro/news/2015/12/16/happy-14th-birthday-doom.html]
[rome.ro/indexd1cc.html]
[rome.ro/news/2015/12/16/2girls1cup-dot-com.html]
[rome.ro/news/2015/12/16/text-console-library.html]
[rome.ro/news/2015/12/16/rip-john-j-anderson.html]
[rome.ro/news/2015/12/16/the-fracas-reveal.html]
[rome.ro/news/2015/12/16/doom-archaeology.html]
[rome.ro/indexdf30.html]
[rome.ro/index03bb.html]
[rome.ro/index18e4.html]
[rome.ro/index4c40.html]
[rome.ro/news/2015/12/16/_/www.youtube.com/embed/cW_Lv0r-l4c8344.html]
[rome.ro/news/2015/12/16/2girls1cup-dot-com.html]
[rome.ro/news/2015/12/16/text-console-library.html]
[rome.ro/news/2015/12/16/rip-john-j-anderson.html]
[rome.ro/news/2015/12/16/the-fracas-reveal.html]
[rome.ro/index3e7e.html]
[rome.ro/index7789.html]
[rome.ro/indexaa23.html]
[rome.ro/news/2015/12/16/doom-archaeology.html]
[rome.ro/index3e7e.html]
[rome.ro/news/2016/1/11/nasir-gebelli-interview-clip.html]
[rome.ro/news/2015/12/16/f5m9si02w5voewq35x7ugbtjgq0ek2.html]
[rome.ro/_/www.youtube.com/embed/N1VeLemC7uU.f98344.delayed]
[rome.ro/news/2015/12/16/guitar-joke.html]
[rome.ro/news/2015/12/16/billys-balloon.html]
[rome.ro/_/www.youtube.com/embed/7jksRQcI9NA.fd8344.delayed]
[rome.ro/index4c40.html]
[rome.ro/index7789.html]
[rome.ro/indexaa23.html]
[rome.ro/index4c51.html]
[rome.ro/news/2015/12/16/whxol2b1czxjcg8alzzg871yu0izup.html]
[rome.ro/index9b35.html]
[rome.ro/index2bef.html]
[rome.ro/news/2016/1/11/_https_/player.vimeo.com/video/8959605.fffbba.delayed]
[rome.ro/news/2016/1/11/nasir-gebelli-interview-clip.html]
[rome.ro/indexedd1.html]
[rome.ro/news/2015/12/16/_/www.youtube.com/embed/N1VeLemC7uU.1008344.delayed]
[rome.ro/news/2015/12/16/f5m9si02w5voewq35x7ugbtjgq0ek2.html]
[rome.ro/_/www.youtube.com/embed/N1VeLemC7uU9ae1.html]
[rome.ro/_/www.youtube.com/embed/N1VeLemC7uU8344.html]
[rome.ro/news/2015/12/16/guitar-joke.html]
[rome.ro/news/2015/12/16/_/www.youtube.com/embed/7jksRQcI9NA.1018344.delayed]
[rome.ro/news/2015/12/16/billys-balloon.html]
[rome.ro/_/www.youtube.com/embed/7jksRQcI9NA9ae1.html]
[rome.ro/_/www.youtube.com/embed/7jksRQcI9NA8344.html]
[rome.ro/news/2015/12/16/whxol2b1czxjcg8alzzg871yu0izup.html]
[rome.ro/index9b35.html]
[rome.ro/news/2015/12/16/ogdc-interview.html]
[rome.ro/news/2015/12/16/worlds-oceans-in-extreme-danger.html]
[rome.ro/news/2015/12/16/slipgate-web-team.html]
[rome.ro/news/2015/12/16/metal-spoon-prank.html]
[rome.ro/_/www.youtube.com/embed/Lwwch9D5n04.1088344.delayed]
[rome.ro/index4c51.html]
[rome.ro/index2bef.html]
[rome.ro/indexedd1.html]
[rome.ro/news/2015/12/16/happy-15th-wolfy.html]
[rome.ro/news/2016/1/11/_https_/player.vimeo.com/video/8959605fbba.html]
[rome.ro/indexd7ce.html]
[rome.ro/news/2015/12/16/_/www.youtube.com/embed/N1VeLemC7uU8344.html]
[rome.ro/news/2015/12/16/_/www.youtube.com/embed/7jksRQcI9NA8344.html]
[rome.ro/news/2015/12/16/ogdc-interview.html]
[rome.ro/news/2015/12/16/worlds-oceans-in-extreme-danger.html]
[rome.ro/news/2015/12/16/slipgate-web-team.html]
[rome.ro/indexbe6b.html]
[rome.ro/indexbe0c.html]
[rome.ro/index7ea1.html]
[rome.ro/news/2015/12/16/_/www.youtube.com/embed/Lwwch9D5n04.10b8344.delayed]
[rome.ro/news/2015/12/16/metal-spoon-prank.html]
[rome.ro/_/www.youtube.com/embed/Lwwch9D5n049ae1.html]
[rome.ro/_/www.youtube.com/embed/Lwwch9D5n048344.html]
[rome.ro/news/2015/12/16/happy-15th-wolfy.html]
[rome.ro/indexbe0c.html]
[rome.ro/news/2015/12/16/rlmcxr21k1m2rvyjlui2dmrl5kyw9q.html]
[rome.ro/news/2015/12/16/daikatana-dm-downsized.html]
[rome.ro/news/2015/12/16/70fj0risuc3l23krwsy2myhhk1iima.html]
[rome.ro/news/2015/12/17/spiders-on-drugs.html]
[rome.ro/_/www.youtube.com/embed/sHzdsFiBbFc.1118344.delayed]
[rome.ro/news/2015/12/17/see-yuh.html]
[rome.ro/_/www.youtube.com/embed/uxkr4wS7XqY.1148344.delayed]
[rome.ro/indexbe6b.html]
[rome.ro/indexd7ce.html]
[rome.ro/index7ea1.html]
[rome.ro/indexcc23.html]
[rome.ro/news/2015/12/16/_/www.youtube.com/embed/Lwwch9D5n048344.html]
[rome.ro/news/2015/12/16/rlmcxr21k1m2rvyjlui2dmrl5kyw9q.html]
[rome.ro/news/2015/12/16/daikatana-dm-downsized.html]
[rome.ro/news/2015/12/16/70fj0risuc3l23krwsy2myhhk1iima.html]
[rome.ro/index955a.html]
[rome.ro/index6344.html]
[rome.ro/indexa492.html]
[rome.ro/news/2015/12/17/_/www.youtube.com/embed/sHzdsFiBbFc.1158344.delayed]
[rome.ro/news/2015/12/17/spiders-on-drugs.html]
[rome.ro/_/www.youtube.com/embed/sHzdsFiBbFc9ae1.html]
[rome.ro/_/www.youtube.com/embed/sHzdsFiBbFc8344.html]
[rome.ro/news/2015/12/17/_/www.youtube.com/embed/uxkr4wS7XqY.1168344.delayed]
[rome.ro/news/2015/12/17/see-yuh.html]
[rome.ro/_/www.youtube.com/embed/uxkr4wS7XqY9ae1.html]
[rome.ro/_/www.youtube.com/embed/uxkr4wS7XqY8344.html]
[rome.ro/index6344.html]
[rome.ro/news/2015/12/17/dark-forces-running-on-windows-vista.html]
[rome.ro/news/2015/12/17/this-shit-makes-me-laugh.html]
[rome.ro/_/www.youtube.com/embed/2EfjKDjdg4k.11a8344.delayed]
[rome.ro/news/2015/12/17/doom-named-as-one-of-ten-most-important-games.html]
[rome.ro/news/2015/12/17/sarajevo-just-got-a-notch-cooler.html]
[rome.ro/indexa492.html]
[rome.ro/indexcc23.html]
[rome.ro/index955a.html]
[rome.ro/news/2015/12/17/windows-vista-i-love-it.html]
[rome.ro/news/2015/12/17/_/www.youtube.com/embed/sHzdsFiBbFc8344.html]
[rome.ro/index1003.html]
[rome.ro/news/2015/12/17/_/www.youtube.com/embed/uxkr4wS7XqY8344.html]
[rome.ro/news/2015/12/17/dark-forces-running-on-windows-vista.html]
[rome.ro/index5b2d.html]
[rome.ro/index9f79.html]
[rome.ro/indexaae2.html]
[rome.ro/news/2015/12/17/_/www.youtube.com/embed/2EfjKDjdg4k.11e8344.delayed]
[rome.ro/news/2015/12/17/this-shit-makes-me-laugh.html]
[rome.ro/_/www.youtube.com/embed/2EfjKDjdg4k9ae1.html]
[rome.ro/_/www.youtube.com/embed/2EfjKDjdg4k8344.html]
[rome.ro/news/2015/12/17/doom-named-as-one-of-ten-most-important-games.html]
[rome.ro/news/2015/12/17/sarajevo-just-got-a-notch-cooler.html]
[rome.ro/news/2015/12/17/windows-vista-i-love-it.html]
[rome.ro/indexaae2.html]
[rome.ro/news/2015/12/17/how-to-prank-a-telemarketer.html]
[rome.ro/news/2015/12/17/ipod-with-nes-controller-running-doom.html]
[rome.ro/_/www.youtube.com/embed/scnjoG_C6Sw.1228344.delayed]
[rome.ro/news/2016/1/11/happy-holidays.html]
[rome.ro/news/2016/2/14/happy-birthday-heretic-and-hdb.html]
[rome.ro/index5b2d.html]
[rome.ro/index1003.html]
[rome.ro/index9f79.html]
[rome.ro/news/2016/2/14/apple-next-merger-birthday.html]
[rome.ro/news/2015/12/17/_/www.youtube.com/embed/2EfjKDjdg4k8344.html]
[rome.ro/indexb273.html]
[rome.ro/news/2015/12/17/how-to-prank-a-telemarketer.html]
[rome.ro/index84b3.html]
[rome.ro/index5bcc.html]
[rome.ro/indexce02.html]
[rome.ro/news/2015/12/17/_/www.youtube.com/embed/scnjoG_C6Sw.1268344.delayed]
[rome.ro/news/2015/12/17/ipod-with-nes-controller-running-doom.html]
[rome.ro/_/www.youtube.com/embed/scnjoG_C6Sw9ae1.html]
[rome.ro/_/www.youtube.com/embed/scnjoG_C6Sw8344.html]
[rome.ro/news/2016/1/11/happy-holidays.html]
[rome.ro/news/2016/2/14/happy-birthday-heretic-and-hdb.html]
[rome.ro/news/2016/2/14/apple-next-merger-birthday.html]
[rome.ro/indexb273.html]
[rome.ro/news/2016/2/14/razer-copperhead-cpl-special-edition.html]
[rome.ro/news/tag/angel+munoz.html]
[rome.ro/news/tag/CPL.html]
[rome.ro/news/tag/razer.html]
[rome.ro/news/2016/2/14/quake-map-sources-released.html]
[rome.ro/news/tag/quake.html]
[rome.ro/news/tag/maps.html]
[rome.ro/news/2016/2/14/senior-producer-and-game-programmers-needed.html]
[rome.ro/news/2016/2/14/looking-for-a-level-designer.html]
[rome.ro/news/tag/slipgate+ironworks.html]
[rome.ro/index5bcc.html]
[rome.ro/index84b3.html]
[rome.ro/indexce02.html]
[rome.ro/news/2016/2/14/updates.html]
[rome.ro/news/2015/12/17/_/www.youtube.com/embed/scnjoG_C6Sw8344.html]
[rome.ro/index7eb4.html]
[rome.ro/index32ff.html]
[rome.ro/news/2016/2/14/razer-copperhead-cpl-special-edition.html]
[rome.ro/news/tag/angel+munoz.html]
[rome.ro/news/tag/CPL.html]
[rome.ro/news/tag/razer.html]
[rome.ro/news/2016/2/14/quake-map-sources-released.html]
[rome.ro/indexc457.html]
[rome.ro/index63bd.html]
[rome.ro/news/2016/2/14/the-widget-show.html]
[rome.ro/news/tag/the+guardian.html]
[rome.ro/news/tag/quake.html]
[rome.ro/news/tag/maps.html]
[rome.ro/news/2016/2/14/senior-producer-and-game-programmers-needed.html]
[rome.ro/news/2016/2/14/looking-for-a-level-designer.html]
[rome.ro/news/tag/slipgate+ironworks.html]
[rome.ro/news/2016/2/14/updates.html]
[rome.ro/index7eb4.html]
[rome.ro/news/tag/the+widget+show.html]
[rome.ro/news/2016/2/14/slipgate-jobs.html]
[rome.ro/news/2016/2/14/beginning-game-programming.html]
[rome.ro/news/2016/2/14/whose-side-am-i-on-anyway.html]
[rome.ro/index32ff.html]
[rome.ro/indexc457.html]
[rome.ro/index63bd.html]
[rome.ro/news/2016/2/14/happy-birthday-wolfy.html]
[rome.ro/news/2016/2/14/the-widget-show.html]
[rome.ro/indexd15f.html]
[rome.ro/news/tag/the+guardian.html]
[rome.ro/news/tag/the+widget+show.html]
[rome.ro/news/2016/2/14/slipgate-jobs.html]
[rome.ro/news/2016/2/14/beginning-game-programming.html]
[rome.ro/news/2016/2/14/whose-side-am-i-on-anyway.html]
[rome.ro/indexfe68.html]
[rome.ro/index7d91.html]
[rome.ro/index5091.html]
[rome.ro/news/2016/2/14/happy-birthday-wolfy.html]
[rome.ro/indexd15f.html]
[rome.ro/news/2016/2/14/oblivion-re-rated-bad-news.html]
[rome.ro/news/2016/2/14/tunebite.html]
[rome.ro/news/2016/2/14/bestbuyreputation-.html]
[rome.ro/news/2016/2/14/creativity-50.html]
[rome.ro/indexfe68.html]
[rome.ro/index7d91.html]
[rome.ro/index5091.html]
[rome.ro/news/2016/2/14/cvg-interview-gone-sideways.html]
[rome.ro/news/2016/2/14/oblivion-re-rated-bad-news.html]
[rome.ro/indexe807.html]
[rome.ro/news/2016/2/14/tunebite.html]
[rome.ro/news/2016/2/14/bestbuyreputation-.html]
[rome.ro/news/2016/2/14/creativity-50.html]
[rome.ro/indexf125.html]
[rome.ro/indexb05b.html]
[rome.ro/index5fd8.html]
[rome.ro/news/2016/2/14/cvg-interview-gone-sideways.html]
[rome.ro/indexb05b.html]
[rome.ro/news/2016/2/14/happy-10th-birthday-qtest.html]
[rome.ro/news/2016/2/14/code-newbie.html]
[rome.ro/news/2016/2/14/in-the-beginning.html]
[rome.ro/news/2016/2/14/dzbhg4kvfpmy8k0fgkuz2rb20r87wn.html]
[rome.ro/index5fd8.html]
[rome.ro/indexf125.html]
[rome.ro/indexe807.html]
[rome.ro/news/2016/2/14/ratbag-dead.html]
[rome.ro/news/2016/2/14/happy-10th-birthday-qtest.html]
[rome.ro/indexf55f.html]
[rome.ro/news/2016/2/14/code-newbie.html]
[rome.ro/news/2016/2/14/in-the-beginning.html]
[rome.ro/news/2016/2/14/dzbhg4kvfpmy8k0fgkuz2rb20r87wn.html]
[rome.ro/indexe074.html]
[rome.ro/indexe77b.html]
[rome.ro/index77b9.html]
[rome.ro/news/2016/2/14/ratbag-dead.html]
[rome.ro/indexe77b.html]
[rome.ro/news/2016/2/14/happy-birthday-keen-4-6.html]
[rome.ro/news/2016/2/16/happy-birthday-keen.html]
[rome.ro/news/2016/3/20/k1cp7nlmxs6wjopqnewjpkgo7mlf03.html]
[rome.ro/news/2016/3/20/a8elmue5dvw8xnyf2zlom3zz6if7a7.html]
[rome.ro/news/2016/3/20/exiy.html]
[rome.ro/news/tag/cheyenne.html]
[rome.ro/news/tag/chiller.html]
[rome.ro/news/tag/circus.html]
[rome.ro/news/tag/death+race.html]
[rome.ro/news/tag/exidy.html]
[rome.ro/news/tag/exidy+sorcerer.html]
[rome.ro/news/tag/mouse+trap.html]
[rome.ro/indexf55f.html]
[rome.ro/indexe074.html]
[rome.ro/index77b9.html]
[rome.ro/news/tag/targ.html]
[rome.ro/news/2016/2/14/happy-birthday-keen-4-6.html]
[rome.ro/index3271.html]
[rome.ro/news/2016/2/16/happy-birthday-keen.html]
[rome.ro/news/2016/3/20/k1cp7nlmxs6wjopqnewjpkgo7mlf03.html]
[rome.ro/news/2016/3/20/a8elmue5dvw8xnyf2zlom3zz6if7a7.html]
[rome.ro/index7edf.html]
[rome.ro/index6da7.html]
[rome.ro/index3f34.html]
[rome.ro/news/2016/3/20/exiy.html]
[rome.ro/news/tag/cheyenne.html]
[rome.ro/news/tag/chiller.html]
[rome.ro/news/tag/circus.html]
[rome.ro/news/tag/death+race.html]
[rome.ro/news/tag/exidy.html]
[rome.ro/news/tag/exidy+sorcerer.html]
[rome.ro/news/tag/mouse+trap.html]
[rome.ro/news/tag/targ.html]
[rome.ro/index6da7.html]
[rome.ro/news/2016/3/20/dio.html]
[rome.ro/news/2016/3/20/ambrosia.html]
[rome.ro/news/2016/3/20/fy3av815r8ebw4d73pik8boqurg7yl.html]
[rome.ro/news/2016/3/20/news-feeds.html]
[rome.ro/index3f34.html]
[rome.ro/index3271.html]
[rome.ro/index7edf.html]
[rome.ro/news/2016/3/20/site-redesign.html]
[rome.ro/news/2016/3/20/dio.html]
[rome.ro/index1820.html]
[rome.ro/indexc3c2.html]
[rome.ro/news/2016/3/20/ambrosia.html]
[rome.ro/news/2016/3/20/fy3av815r8ebw4d73pik8boqurg7yl.html]
[rome.ro/news/2016/3/20/news-feeds.html]
[rome.ro/index918c.html]
[rome.ro/index6bc9.html]
[rome.ro/news/2016/3/20/daikatana-gdc-n.html]
[rome.ro/news/2016/3/20/site-redesign.html]
[rome.ro/index918c.html]
[rome.ro/news/tag/daikatana.html]
[rome.ro/news/tag/liquidweb.html]
[rome.ro/news/tag/gbc.html]
[rome.ro/news/2016/3/20/happy-keen.html]
[rome.ro/news/2016/3/20/happy-doomsday.html]
[rome.ro/news/2016/3/20/daikatana-news.html]
[rome.ro/news/2016/4/5/random-stuff.html]
[rome.ro/index6bc9.html]
[rome.ro/index1820.html]
[rome.ro/indexc3c2.html]
[rome.ro/index9da8.html]
[rome.ro/news/2016/3/20/daikatana-gdc-n.html]
[rome.ro/news/tag/daikatana.html]
[rome.ro/news/tag/liquidweb.html]
[rome.ro/news/tag/gbc.html]
[rome.ro/news/2016/3/20/happy-keen.html]
[rome.ro/news/2016/3/20/happy-doomsday.html]
[rome.ro/news/2016/3/20/daikatana-news.html]
[rome.ro/index5238.html]
[rome.ro/index70f5.html]
[rome.ro/indexa095.html]
[rome.ro/news/2016/4/5/random-stuff.html]
[rome.ro/indexa095.html]
[rome.ro/news/2016/4/5/quake-day.html]
[rome.ro/news/2016/4/5/wolfy-turns-14.html]
[rome.ro/news/2016/6/3/dan-rock-and-darkstar-rock.html]
[rome.ro/news/2016/4/5/proxyconn-will-amaze-you.html]
[rome.ro/index9da8.html]
[rome.ro/index5238.html]
[rome.ro/index70f5.html]
[rome.ro/news/2016/4/5/birthdays-galore.html]
[rome.ro/news/2016/4/5/quake-day.html]
[rome.ro/indexeeb9.html]
[rome.ro/index5e77.html]
[rome.ro/indexe272.html]
[rome.ro/news/2016/4/5/wolfy-turns-14.html]
[rome.ro/news/2016/6/3/dan-rock-and-darkstar-rock.html]
[rome.ro/news/2016/4/5/proxyconn-will-amaze-you.html]
[rome.ro/indexf9d2.html]
[rome.ro/news/2016/4/5/birthdays-galore.html]
[rome.ro/index5e77.html]
[rome.ro/news/2016/4/5/chiqs-birthday.html]
[rome.ro/news/2016/6/3/8tpuuykjktajy4l0rp37ap2mft08xn.html]
[rome.ro/news/2016/6/3/steven-romeros-birthday-and-klear-llc.html]
[rome.ro/news/2016/6/3/ydllsflohe3yexaehagfr8yw34h0te.html]
[rome.ro/indexe272.html]
[rome.ro/indexf9d2.html]
[rome.ro/indexeeb9.html]
[rome.ro/news/2016/6/3/so-busy-and-yet-more-birthdays.html]
[rome.ro/news/2016/4/5/chiqs-birthday.html]
[rome.ro/index34e9.html]
[rome.ro/index619a.html]
[rome.ro/news/2016/6/3/8tpuuykjktajy4l0rp37ap2mft08xn.html]
[rome.ro/news/2016/6/3/steven-romeros-birthday-and-klear-llc.html]
[rome.ro/news/2016/6/3/ydllsflohe3yexaehagfr8yw34h0te.html]
[rome.ro/index15b4.html]
[rome.ro/index7288.html]
[rome.ro/news/2016/6/3/so-busy-and-yet-more-birthdays.html]
[rome.ro/index34e9.html]
[rome.ro/news/2016/6/3/december-is-the-month-of-birthdays.html]
[rome.ro/news/2016/6/3/birthday-time.html]
[rome.ro/news/2016/6/3/thanksgiving-fun-attack.html]
[rome.ro/news/2016/6/7/october-the-month-of-many-birthdays.html]
[rome.ro/index619a.html]
[rome.ro/index15b4.html]
[rome.ro/index7288.html]
[rome.ro/news/2016/6/7/cool-little-games-link-night.html]
[rome.ro/news/2016/6/3/december-is-the-month-of-birthdays.html]
[rome.ro/index2b7f.html]
[rome.ro/index2c51.html]
[rome.ro/news/2016/6/3/birthday-time.html]
[rome.ro/news/2016/6/3/thanksgiving-fun-attack.html]
[rome.ro/news/2016/6/7/october-the-month-of-many-birthdays.html]
[rome.ro/index9a43.html]
[rome.ro/index13a2.html]
[rome.ro/news/2016/6/7/cool-little-games-link-night.html]
[rome.ro/index2c51.html]
[rome.ro/news/2016/6/7/spear-of-destinys-birthday.html]
[rome.ro/news/2016/6/7/comix.html]
[rome.ro/news/2016/6/7/more-pages-online.html]
[rome.ro/index2b7f.html]
[rome.ro/index9a43.html]
[rome.ro/index13a2.html]
[rome.ro/news/2016/6/7/spear-of-destinys-birthday.html]
[rome.ro/news/2016/6/7/comix.html]
[rome.ro/news/2016/6/7/more-pages-online.html]
[rome.ro/news/2016/6/7/cratemazecom-launches.html]
[rome.ro/news/2016/6/7/cratemazecom-launches.html]
[rome.ro/indexb159.html]
[rome.ro/indexc670.html]
[rome.ro/indexc670.html]
[rome.ro/indexb159.html]
